» arclin-website@0.1.0 → ./ds-bundle (window.Arclin)
  react@19.2.8 has no UMD — bundling via esbuild
[DETECT] shape=storybook (explicit --storybook-static)
  source shape: storybook (from cfg.shape)
  entry: ../dist/index.js
  [DTS] parsed 1 .d.ts files from /Users/bs/Develop/Others/Arclin-website/dist/types/lib/ds
  storybook-static: 49 entries → 30 components
  story sources: 49/49 stories paired to module exports
  bundle: 569 KB
  inlined npm packages: 0
  (decorator auto-detect skipped — cfg.provider is set)
  css: dist/index.css (31 KB, copied)
  remote stylesheet(s) from storybook: 1 → styles.css @import url(...)
  exported PascalCase symbols: 35; bundle export list: 39
  30/30 storybook components are public exports
  components: 30
  (excluded 0 enum/type/context/hook exports; 30 components)
  docs: 0/30 components matched
  previews: 30 generated → .design-sync/.cache/previews/
  [DTS] 20/30 components
  [DTS] 30/30 components
  styles.css: 2 @import(s) (incl. _ds_bundle.css — component styles ship to designs via this closure)
  _ds_sync.json: 30 render hash(es) + source key(s) (verification anchor)
✓ wrote ./ds-bundle: _ds_bundle.js + styles.css + 30 component previews
