○ [COMPARE] Badge: 4 needs-grade — grade keys: "Default", "Pine", "Ember", "On Console"
○ [COMPARE] CareOS: 1 needs-grade — grade keys: "Default"
○ [COMPARE] Company: 1 needs-grade — grade keys: "Default"
○ [COMPARE] Contact: 1 needs-grade — grade keys: "Default"
○ [COMPARE] CountUp: 2 needs-grade — grade keys: "Percent", "Prefixed"
○ [COMPARE] DemoTag: 2 needs-grade — grade keys: "Paper", "Console"
○ [COMPARE] Fit: 1 needs-grade — grade keys: "Default"
○ [COMPARE] FlowSteps: 1 needs-grade — grade keys: "Four Steps"
○ [COMPARE] Footer: 1 needs-grade — grade keys: "Default"
○ [COMPARE] Footnote: 2 needs-grade — grade keys: "Paper", "Console"
○ [COMPARE] HeroIllustration: 1 needs-grade — grade keys: "Default"
○ [COMPARE] LayerStack: 1 needs-grade — grade keys: "Care OS Layers"
○ [COMPARE] LocaleToggle: 1 needs-grade — grade keys: "Default"
○ [COMPARE] Method: 1 needs-grade — grade keys: "Default"
○ [COMPARE] Partner: 1 needs-grade — grade keys: "Default"
○ [COMPARE] Reveal: 2 needs-grade — grade keys: "Single", "Staggered"
○ [COMPARE] RingTimeline: 2 needs-grade — grade keys: "Evening", "Night"
○ [COMPARE] SceneIllustration: 4 needs-grade — grade keys: "Patrol", "Standup", "Intake", "Voice"
○ [COMPARE] SectionHeading: 2 needs-grade — grade keys: "Paper", "Console"
○ [COMPARE] TrendLine: 2 needs-grade — grade keys: "Projected", "Plain"
○ [COMPARE] Trust: 1 needs-grade — grade keys: "Default"
○ [COMPARE] Value: 1 needs-grade — grade keys: "Default"
○ [COMPARE] Walls: 1 needs-grade — grade keys: "Default"
○ [COMPARE] Wordmark: 2 needs-grade — grade keys: "Paper", "Console"

compare: 24 component(s) — 0 carried forward unchanged, 24 captured, 0 with factual failures, 24 awaiting your grade
Grade from the true images: Read each _screenshots/compare/<group>__<Name>.png sheet (raw/ PNGs are the full-res authority), then Write the verdicts to .design-sync/.cache/compare/<Name>.grade.json (a recapture clears the old grade — its contract changed).
