» arclin-website@0.1.0 → /Users/bs/Develop/Others/Arclin-website/ds-bundle (window.Arclin)
  react@19.2.8 has no UMD — bundling via esbuild
[DETECT] shape=storybook (explicit --storybook-static)
  source shape: storybook (from cfg.shape)
  entry: ../dist/index.js
  [DTS] parsed 1 .d.ts files from /Users/bs/Develop/Others/Arclin-website/dist/types/lib/ds
  storybook-static: 49 entries → 30 components
  story sources: 49/49 stories paired to module exports
  bundle: 569 KB
  inlined npm packages: 0
  (decorator auto-detect skipped — cfg.provider is set)
  css: dist/index.css (31 KB, copied)
  remote stylesheet(s) from storybook: 1 → styles.css @import url(...)
  exported PascalCase symbols: 35; bundle export list: 39
  30/30 storybook components are public exports
  components: 30
  (excluded 0 enum/type/context/hook exports; 30 components)
  docs: 0/30 components matched
  previews: 30 generated → .design-sync/.cache/previews/
  [DTS] 20/30 components
  [DTS] 30/30 components
  styles.css: 2 @import(s) (incl. _ds_bundle.css — component styles ship to designs via this closure)
  readmeHeader: stitching .design-sync/conventions.md
  _ds_sync.json: 30 render hash(es) + source key(s) (verification anchor)
✓ wrote /Users/bs/Develop/Others/Arclin-website/ds-bundle: _ds_bundle.js + styles.css + 30 component previews
no remote anchor — full scope (30 component(s) verify + upload)
→ /Users/bs/Develop/Others/Arclin-website/ds-bundle/.sync-diff.json
  .ds-build-meta.json: 30 components (storybook)
  _ds_bundle.js: 577 KB, syntax OK
  _ds_bundle.js header: window.Arclin, 30 components, 0 inlined externals
  _ds_sync.json: 30 render hash(es), anchor matches the bundle
  _ds_sync.json render hashes match disk (30 recomputed)
  styles.css: 2 @import(s), all resolve
  _ds_bundle.css: 31 KB
  tokens: 104 defined, 74 referenced
  [FONT_REMOTE] "Zen Kaku Gothic New" (--font-ja) — a remote font-host @import is present; assuming it serves these at runtime
  components/: 30 previews, 30 .prompt.md
  all .d.ts parse cleanly
  window.Arclin: 39 exports (30 fn + 0 compound)
  render check: 30/30 previews render cleanly (screenshots in _screenshots/)
  contact sheets: 2 sheet(s) → _screenshots/contact-sheet-1.png … contact-sheet-2.png

✓ bundle is complete
↻ [COMPARE] Badge: sources unchanged & fully graded — carried forward (--force to recapture)
↻ [COMPARE] Button: sources unchanged & fully graded — carried forward (--force to recapture)
↻ [COMPARE] CareOS: sources unchanged & fully graded — carried forward (--force to recapture)
↻ [COMPARE] Company: sources unchanged & fully graded — carried forward (--force to recapture)
↻ [COMPARE] Contact: sources unchanged & fully graded — carried forward (--force to recapture)
↻ [COMPARE] CountUp: sources unchanged & fully graded — carried forward (--force to recapture)
↻ [COMPARE] DemoTag: sources unchanged & fully graded — carried forward (--force to recapture)
↻ [COMPARE] DonutGauge: sources unchanged & fully graded — carried forward (--force to recapture)
↻ [COMPARE] Fit: sources unchanged & fully graded — carried forward (--force to recapture)
↻ [COMPARE] FlowSteps: sources unchanged & fully graded — carried forward (--force to recapture)
↻ [COMPARE] Footer: sources unchanged & fully graded — carried forward (--force to recapture)
↻ [COMPARE] Footnote: sources unchanged & fully graded — carried forward (--force to recapture)
↻ [COMPARE] Hero: sources unchanged & fully graded — carried forward (--force to recapture)
↻ [COMPARE] HeroIllustration: sources unchanged & fully graded — carried forward (--force to recapture)
↻ [COMPARE] LayerStack: sources unchanged & fully graded — carried forward (--force to recapture)
↻ [COMPARE] LocaleToggle: sources unchanged & fully graded — carried forward (--force to recapture)
↻ [COMPARE] Method: sources unchanged & fully graded — carried forward (--force to recapture)
↻ [COMPARE] Mimamori: sources unchanged & fully graded — carried forward (--force to recapture)
↻ [COMPARE] Nav: sources unchanged & fully graded — carried forward (--force to recapture)
↻ [COMPARE] Partner: sources unchanged & fully graded — carried forward (--force to recapture)
↻ [COMPARE] Reveal: sources unchanged & fully graded — carried forward (--force to recapture)
↻ [COMPARE] RingTimeline: sources unchanged & fully graded — carried forward (--force to recapture)
↻ [COMPARE] SceneIllustration: sources unchanged & fully graded — carried forward (--force to recapture)
↻ [COMPARE] SectionHeading: sources unchanged & fully graded — carried forward (--force to recapture)
↻ [COMPARE] TrendLine: sources unchanged & fully graded — carried forward (--force to recapture)
↻ [COMPARE] Trust: sources unchanged & fully graded — carried forward (--force to recapture)
↻ [COMPARE] Value: sources unchanged & fully graded — carried forward (--force to recapture)
↻ [COMPARE] Walls: sources unchanged & fully graded — carried forward (--force to recapture)
↻ [COMPARE] WhyJapan: sources unchanged & fully graded — carried forward (--force to recapture)
↻ [COMPARE] Wordmark: sources unchanged & fully graded — carried forward (--force to recapture)

compare: 30 component(s) — 30 carried forward unchanged, 0 captured, 0 with factual failures, 0 awaiting your grade
Grade from the true images: Read each _screenshots/compare/<group>__<Name>.png sheet (raw/ PNGs are the full-res authority), then Write the verdicts to .design-sync/.cache/compare/<Name>.grade.json (a recapture clears the old grade — its contract changed).
