
┌  Building storybook v10.6.0
│
◇  Cleaning outputDir: .design-sync/sb-reference
(node:29088) [DEP0205] DeprecationWarning: `module.register()` is deprecated. Use `module.registerHooks()` instead.
(Use `node --trace-deprecation ...` to show where the warning was created)
│
◇  Loading presets
│
◇  Building manager..
│
●  Building open services..
│
●  Building preview..
│
●  Copying static files: public at .design-sync/sb-reference
│  Vite vite v8.3.0 building client environment for production...
transforming...
✓ 2614 modules transformed.
rendering chunks...
computing gzip size...
│  Vite .design-sync/sb-reference/iframe.html
│  19.65 kB │ gzip:   5.61 kB
│  .design-sync/sb-reference/assets/iframe-CuI_RVl2.css
│  31.68 kB │ gzip:   7.02 kB
│  .design-sync/sb-reference/assets/iframe-BmzCVan8.js
│  0.04 kB │ gzip:   0.06 kB
│  .design-sync/sb-reference/assets/components-jcSzOt-K.js
│  0.20 kB │ gzip:   0.18 kB
│  .design-sync/sb-reference/assets/chunk-242VQQM5-Mgu9ZWtn.js
│  0.24 kB │ gzip:   0.20 kB
│  .design-sync/sb-reference/assets/formatter-L2YTDE3Q-DTwMzcvu.js
│  0.30 kB │ gzip:   0.24 kB
│  .design-sync/sb-reference/assets/chunk-QQBDHPVZ-C-IzcanZ.js
│  0.32 kB │ gzip:   0.20 kB
│  .design-sync/sb-reference/assets/locale-toggle.stories-MGZb0i_H.js
│  0.42 kB │ gzip:   0.29 kB
│  .design-sync/sb-reference/assets/jsx-runtime-CadfrxEJ.js
│  0.43 kB │ gzip:   0.30 kB
│  .design-sync/sb-reference/assets/languages-BNtRBBpR.js
│  0.46 kB │ gzip:   0.31 kB
│  .design-sync/sb-reference/assets/shield-check-BjSm8LSE.js
│  0.46 kB │ gzip:   0.34 kB
│  .design-sync/sb-reference/assets/flow-steps.stories-BrrG4Cdn.js
│  0.54 kB │ gzip:   0.34 kB
│  .design-sync/sb-reference/assets/react-DgUa_zLF.js
│  0.58 kB │ gzip:   0.34 kB
│  .design-sync/sb-reference/assets/use-reduced-motion-2ItonpER.js
│  0.59 kB │ gzip:   0.36 kB
│  .design-sync/sb-reference/assets/layer-stack.stories-BgC5nHGY.js
│  0.75 kB │ gzip:   0.41 kB
│  .design-sync/sb-reference/assets/dist-DT4rrCm2.js
│  0.75 kB │ gzip:   0.45 kB
│  .design-sync/sb-reference/assets/demo-tag.stories-DTaPbkts.js
│  0.81 kB │ gzip:   0.45 kB
│  .design-sync/sb-reference/assets/wordmark.stories-CtJ1d5gx.js
│  0.82 kB │ gzip:   0.45 kB
│  .design-sync/sb-reference/assets/badge-CMiSIA0m.js
│  0.83 kB │ gzip:   0.49 kB
│  .design-sync/sb-reference/assets/hero-illustration.stories-BVItyNUJ.js
│  0.83 kB │ gzip:   0.47 kB
│  .design-sync/sb-reference/assets/method.stories-Bqjw5ohR.js
│  0.86 kB │ gzip:   0.49 kB
│  .design-sync/sb-reference/assets/locale-toggle-cLTa42oB.js
│  0.95 kB │ gzip:   0.59 kB
│  .design-sync/sb-reference/assets/wordmark-W1B87cQ-.js
│  0.97 kB │ gzip:   0.54 kB
│  .design-sync/sb-reference/assets/careos.stories-H-8OxRRD.js
│  0.98 kB │ gzip:   0.55 kB
│  .design-sync/sb-reference/assets/demo-tag-BcWCNYPF.js
│  1.10 kB │ gzip:   0.64 kB
│  .design-sync/sb-reference/assets/count-up.stories-BveyLfSv.js
│  1.14 kB │ gzip:   0.53 kB
│  .design-sync/sb-reference/assets/footnote.stories-L69cX18M.js
│  1.25 kB │ gzip:   0.69 kB
│  .design-sync/sb-reference/assets/rolldown-runtime-CsOFd3vK.js
│  1.25 kB │ gzip:   0.69 kB
│  .design-sync/sb-reference/assets/footer.stories-CWaajxhd.js
│  1.25 kB │ gzip:   0.65 kB
│  .design-sync/sb-reference/assets/button-BlDK7oH2.js
│  1.26 kB │ gzip:   0.62 kB
│  .design-sync/sb-reference/assets/mimamori-scenes.stories-8wheJN6d.js
│  1.26 kB │ gzip:   0.54 kB
│  .design-sync/sb-reference/assets/reveal.stories-CEZe-z-Q.js
│  1.29 kB │ gzip:   0.60 kB
│  .design-sync/sb-reference/assets/section.stories-CNtKGiSo.js
│  1.32 kB │ gzip:   0.73 kB
│  .design-sync/sb-reference/assets/preload-helper-BC2WaYri.js
│  1.33 kB │ gzip:   0.75 kB
│  .design-sync/sb-reference/assets/trend-line.stories-CQep_Mq9.js
│  1.34 kB │ gzip:   0.55 kB
│  .design-sync/sb-reference/assets/company.stories-Cm_HtX-m.js
│  1.38 kB │ gzip:   0.69 kB
│  .design-sync/sb-reference/assets/count-up-C990gdu-.js
│  1.46 kB │ gzip:   0.67 kB
│  .design-sync/sb-reference/assets/ring-timeline.stories-BCfAL8Uf.js
│  1.48 kB │ gzip:   0.61 kB
│  .design-sync/sb-reference/assets/badge.stories-BPYDWjCE.js
│  1.60 kB │ gzip:   0.69 kB
│  .design-sync/sb-reference/assets/donut-gauge.stories-Cgb1aiEJ.js
│  1.64 kB │ gzip:   0.75 kB
│  .design-sync/sb-reference/assets/chunk-IMSF75WX-DNrZgEBt.js
│  1.67 kB │ gzip:   0.90 kB
│  .design-sync/sb-reference/assets/fit.stories-B_AiL0MN.js
│  1.71 kB │ gzip:   0.90 kB
│  .design-sync/sb-reference/assets/footnote-ubvkikKJ.js
│  1.73 kB │ gzip:   0.91 kB
│  .design-sync/sb-reference/assets/flow-steps-JhlUJCCz.js
│  1.84 kB │ gzip:   0.90 kB
│  .design-sync/sb-reference/assets/reveal-K065QqbI.js
│  1.88 kB │ gzip:   0.72 kB
│  .design-sync/sb-reference/assets/why-japan.stories-PI3hVC8f.js
│  2.18 kB │ gzip:   0.96 kB
│  .design-sync/sb-reference/assets/button.stories-DtCrCHzu.js
│  2.21 kB │ gzip:   0.85 kB
│  .design-sync/sb-reference/assets/partner.stories-C2HWNjct.js
│  2.29 kB │ gzip:   1.09 kB
│  .design-sync/sb-reference/assets/contact.stories-C4OIKfkV.js
│  2.35 kB │ gzip:   1.14 kB
│  .design-sync/sb-reference/assets/ring-timeline-BTEeAEVs.js
│  2.38 kB │ gzip:   1.14 kB
│  .design-sync/sb-reference/assets/value.stories-KRygdaMr.js
│  2.41 kB │ gzip:   1.03 kB
│  .design-sync/sb-reference/assets/section-DsFw2qhJ.js
│  2.45 kB │ gzip:   0.90 kB
│  .design-sync/sb-reference/assets/layer-stack-D28jiIQJ.js
│  2.55 kB │ gzip:   1.12 kB
│  .design-sync/sb-reference/assets/trust.stories-Dx3fOVnB.js
│  2.63 kB │ gzip:   1.29 kB
│  .design-sync/sb-reference/assets/trend-line-5owij-QA.js
│  2.71 kB │ gzip:   1.25 kB
│  .design-sync/sb-reference/assets/donut-gauge-CvJgr4PS.js
│  3.04 kB │ gzip:   1.40 kB
│  .design-sync/sb-reference/assets/walls.stories-D4cib0Jy.js
│  3.31 kB │ gzip:   1.58 kB
│  .design-sync/sb-reference/assets/hero-illustration-B9HfExi-.js
│  3.33 kB │ gzip:   1.30 kB
│  .design-sync/sb-reference/assets/chunk-DRQKCCAG-BNwKD1BG.js
│  3.38 kB │ gzip:   1.41 kB
│  .design-sync/sb-reference/assets/nav.stories-DfYhb7tN.js
│  3.56 kB │ gzip:   1.53 kB
│  .design-sync/sb-reference/assets/createLucideIcon-DADtaHEv.js
│  3.67 kB │ gzip:   1.68 kB
│  .design-sync/sb-reference/assets/hero.stories-CDp6oXSh.js
│  3.73 kB │ gzip:   1.61 kB
│  .design-sync/sb-reference/assets/mimamori.stories-GJxil4pw.js
│  4.99 kB │ gzip:   1.83 kB
│  .design-sync/sb-reference/assets/chunk-7PIQR4A3-B40WzkBd.js
│  5.14 kB │ gzip:   1.93 kB
│  .design-sync/sb-reference/assets/mimamori-scenes-PS7WoZF9.js
│  6.31 kB │ gzip:   2.01 kB
│  .design-sync/sb-reference/assets/react-Z7gd5LxR.js
│  7.90 kB │ gzip:   3.03 kB
│  .design-sync/sb-reference/assets/ja-BJ5yTvDG.js
│  13.17 kB │ gzip:   5.98 kB
│  .design-sync/sb-reference/assets/use-in-view-BkLdJUQY.js
│  13.85 kB │ gzip:   5.81 kB
│  .design-sync/sb-reference/assets/chunk-W22LQPXL-CDyVLs3L.js
│  22.74 kB │ gzip:   7.60 kB
│  .design-sync/sb-reference/vite-inject-mocker-entry.js
│  27.84 kB │ gzip:   9.66 kB
│  .design-sync/sb-reference/assets/utils-OoSeCh9Z.js
│  28.05 kB │ gzip:   9.00 kB
│  .design-sync/sb-reference/assets/matchers-JIUQ3HVY-D2RxGVML.js
│  28.79 kB │ gzip:   9.68 kB
│  .design-sync/sb-reference/assets/Color-6AOWCN3U-4ThT-yEM.js
│  30.42 kB │ gzip:  11.51 kB
│  .design-sync/sb-reference/assets/WithTooltip-CDUNV5IS-B-ZmxGxB.js
│  32.74 kB │ gzip:  11.48 kB
│  .design-sync/sb-reference/assets/single-value-BrcWgUnQ.js
│  53.85 kB │ gzip:  19.57 kB
│  .design-sync/sb-reference/assets/theming-DyPUJx4L.js
│  55.40 kB │ gzip:  21.34 kB
│  .design-sync/sb-reference/assets/syntaxhighlighter-4REYKNEV-CSSO8O8b.js
│  75.88 kB │ gzip:  27.25 kB
│  .design-sync/sb-reference/assets/react-Ukb2nlNz.js
│  85.49 kB │ gzip:  27.14 kB
│  .design-sync/sb-reference/assets/react-18-CP4HiFoR.js
│  205.38 kB │ gzip:  64.54 kB
│  .design-sync/sb-reference/assets/axe-UAt6k_aC.js
│  586.90 kB │ gzip: 160.19 kB
│  .design-sync/sb-reference/assets/DocsRenderer-JROSPFPF-Cx3goG7W.js
│  753.46 kB │ gzip: 239.17 kB
│  .design-sync/sb-reference/assets/iframe-DSbj4Dbm.js
│  1,336.01 kB │ gzip: 376.42 kB

│
▲  Vite [plugin builtin:vite-reporter]
│  (!) Some chunks are larger than 500 kB after minification. Consider:
│  - Using dynamic import() to code-split the application
│  - Use build.rolldownOptions.output.codeSplitting to improve chunking:
│  ]8;;https://rolldown.rs/reference/OutputOptions.codeSplittinghttps://rolldown.rs/reference/OutputOptions.codeSplitting]8;;
│  - Adjust chunk size limit for this warning via
│  build.chunkSizeWarningLimit.
│  Vite ✓ built in 1.10s
│
◇  Output directory:
│  /Users/bs/Develop/Others/Arclin-website/.design-sync/sb-reference
│
└  Storybook build completed successfully

